[backblue.gif]
[fade.gif]
[index.html]
[www.bdinfosys.com/demo/materialx/images/favicon.png]
[www.bdinfosys.com/demo/materialx/images/logo.png]
[www.bdinfosys.com/demo/materialx/images/person.jpg]
[www.bdinfosys.com/demo/materialx/images/ghost_rider.jpg]
[www.bdinfosys.com/demo/materialx/images/lion.jpg]
[www.bdinfosys.com/demo/materialx/images/bull.jpg]
[www.bdinfosys.com/demo/materialx/images/beakers.jpg]
[www.bdinfosys.com/demo/materialx/images/kid.jpg]
[www.bdinfosys.com/demo/materialx/images/grad-cap.png]
[www.bdinfosys.com/demo/materialx/images/portfolio/pf1.jpg]
[www.bdinfosys.com/demo/materialx/images/portfolio/pf2.jpg]
[www.bdinfosys.com/demo/materialx/images/portfolio/pf3.jpg]
[www.bdinfosys.com/demo/materialx/images/portfolio/pf4.jpg]
[www.bdinfosys.com/demo/materialx/images/portfolio/pf5.jpg]
[www.bdinfosys.com/demo/materialx/images/portfolio/pf6.jpg]
[www.bdinfosys.com/demo/materialx/images/t1.png]
[www.bdinfosys.com/demo/materialx/images/t2.png]
[www.bdinfosys.com/demo/materialx/images/t3.png]
[www.bdinfosys.com/demo/materialx/images/t4.png]
[www.bdinfosys.com/demo/materialx/images/t5.png]
[www.bdinfosys.com/demo/materialx/images/t6.png]
[www.bdinfosys.com/demo/materialx/images/client5.png]
[www.bdinfosys.com/demo/materialx/images/client1.png]
[www.bdinfosys.com/demo/materialx/images/client2.png]
[www.bdinfosys.com/demo/materialx/images/client3.png]
[www.bdinfosys.com/demo/materialx/images/client4.png]
[www.bdinfosys.com/demo/materialx/images/blog1.jpg]
[www.bdinfosys.com/demo/materialx/images/blog2.jpg]
[www.bdinfosys.com/demo/materialx/images/blog3.jpg]
[ajax.googleapis.com/ajax/libs/jquery/1.11.2/jquery.min.js]
[www.bdinfosys.com/demo/materialx/assets/js/jquery.easing.1.3.js]
[www.bdinfosys.com/demo/materialx/assets/js/detectmobilebrowser.js]
[www.bdinfosys.com/demo/materialx/assets/js/isotope.pkgd.min.js]
[www.bdinfosys.com/demo/materialx/assets/js/wow.min.js]
[www.bdinfosys.com/demo/materialx/assets/js/waypoints.js]
[www.bdinfosys.com/demo/materialx/assets/js/jquery.counterup.min.js]
[www.bdinfosys.com/demo/materialx/assets/js/jquery.nicescroll.min.js]
[www.bdinfosys.com/demo/materialx/assets/js/gmaps.js]
[www.bdinfosys.com/demo/materialx/assets/libs/owl-carousel/owl.carousel.min.js]
[www.bdinfosys.com/demo/materialx/assets/libs/materialize/js/materialize.min.js]
[www.bdinfosys.com/demo/materialx/assets/libs/jwplayer/jwplayer.js]
[www.bdinfosys.com/demo/materialx/assets/libs/sweetalert/sweet-alert.min.js]
[www.bdinfosys.com/demo/materialx/assets/js/common.js]
[www.bdinfosys.com/demo/materialx/assets/js/main.js]
[www.bdinfosys.com/demo/materialx/index.html]
[www.bdinfosys.com/demo/materialx/assets/css/normalize.css]
[www.bdinfosys.com/demo/materialx/assets/font/font-awesome/fonts/fontawesome-webfonte0a5.eot]
[www.bdinfosys.com/demo/materialx/assets/font/font-awesome/fonts/fontawesome-webfontd41d.eot]
[www.bdinfosys.com/demo/materialx/assets/font/font-awesome/fonts/fontawesome-webfonte0a5.woff]
[www.bdinfosys.com/demo/materialx/assets/font/font-awesome/fonts/fontawesome-webfonte0a5.ttf]
[www.bdinfosys.com/demo/materialx/assets/font/font-awesome/css/font-awesome.min.css]
[www.bdinfosys.com/demo/materialx/assets/libs/materialize/font/material-design-icons/Material-Design-Icons0ae1.eot]
[www.bdinfosys.com/demo/materialx/assets/libs/materialize/font/material-design-icons/Material-Design-Iconsd41d.eot]
[www.bdinfosys.com/demo/materialx/assets/libs/materialize/font/material-design-icons/Material-Design-Icons0ae1.woff]
[www.bdinfosys.com/demo/materialx/assets/libs/materialize/font/material-design-icons/Material-Design-Icons0ae1.ttf]
[www.bdinfosys.com/demo/materialx/assets/libs/materialize/font/roboto/Roboto-Thin.ttf]
[www.bdinfosys.com/demo/materialx/assets/libs/materialize/font/roboto/Roboto-Light.ttf]
[www.bdinfosys.com/demo/materialx/assets/libs/materialize/font/roboto/Roboto-Regular.ttf]
[www.bdinfosys.com/demo/materialx/assets/libs/materialize/font/roboto/Roboto-Medium.ttf]
[www.bdinfosys.com/demo/materialx/assets/libs/materialize/font/roboto/Roboto-Bold.ttf]
[www.bdinfosys.com/demo/materialx/assets/libs/materialize/css/materialize.min.css]
[www.bdinfosys.com/demo/materialx/assets/css/bootstrap.css]
[www.bdinfosys.com/demo/materialx/assets/css/animate.min.css]
[www.bdinfosys.com/demo/materialx/assets/libs/sweetalert/sweet-alert.css]
[www.bdinfosys.com/demo/materialx/assets/libs/owl-carousel/grabbing.png]
[www.bdinfosys.com/demo/materialx/assets/libs/owl-carousel/owl.carousel.css]
[www.bdinfosys.com/demo/materialx/assets/libs/owl-carousel/owl.transitions.css]
[www.bdinfosys.com/demo/materialx/assets/libs/owl-carousel/AjaxLoader.gif]
[www.bdinfosys.com/demo/materialx/assets/libs/owl-carousel/owl.theme.css]
[www.bdinfosys.com/demo/materialx/images/home-bg.jpg]
[www.bdinfosys.com/demo/materialx/images/skills-bg.jpg]
[www.bdinfosys.com/demo/materialx/images/fun-facts-bg.jpg]
[www.bdinfosys.com/demo/materialx/assets/css/main.css]
[www.bdinfosys.com/demo/materialx/assets/css/responsive.css]
[www.bdinfosys.com/demo/materialx/assets/css/colors/color1.css]
[www.bdinfosys.com/demo/materialx/blog.html]
[www.bdinfosys.com/demo/materialx/blog-with-sidebar.html]
[www.bdinfosys.com/demo/materialx/images/single-blog.png]
[www.bdinfosys.com/demo/materialx/images/cmt1.jpg]
[www.bdinfosys.com/demo/materialx/images/unknown.jpg]
[www.bdinfosys.com/demo/materialx/images/cmt2.jpg]
[www.bdinfosys.com/demo/materialx/single.html]
[www.bdinfosys.com/demo/materialx/assets/font/font-awesome/fonts/fontawesome-webfonte0a5.html]
[www.bdinfosys.com/demo/materialx/assets/font/font-awesome/fonts/fontawesome-webfonte0a5.svg]
[www.bdinfosys.com/demo/materialx/assets/libs/materialize/font/material-design-icons/Material-Design-Icons0ae1.svg]
[www.bdinfosys.com/demo/materialx/assets/css/blog.css]
[www.bdinfosys.com/demo/materialx/index-2.html]
